[2026-08-02 13:25:33,086][HYDRA] Hydra 1.3.4
[2026-08-02 13:25:33,086][HYDRA] ===========
[2026-08-02 13:25:33,086][HYDRA] Installed Hydra Plugins
[2026-08-02 13:25:33,086][HYDRA] ***********************
[2026-08-02 13:25:33,086][HYDRA] 	ConfigSource:
[2026-08-02 13:25:33,086][HYDRA] 	-------------
[2026-08-02 13:25:33,086][HYDRA] 		FileConfigSource
[2026-08-02 13:25:33,086][HYDRA] 		ImportlibResourcesConfigSource
[2026-08-02 13:25:33,086][HYDRA] 		StructuredConfigSource
[2026-08-02 13:25:33,087][HYDRA] 	CompletionPlugin:
[2026-08-02 13:25:33,087][HYDRA] 	-----------------
[2026-08-02 13:25:33,087][HYDRA] 		BashCompletion
[2026-08-02 13:25:33,087][HYDRA] 		FishCompletion
[2026-08-02 13:25:33,087][HYDRA] 		ZshCompletion
[2026-08-02 13:25:33,087][HYDRA] 	Launcher:
[2026-08-02 13:25:33,087][HYDRA] 	---------
[2026-08-02 13:25:33,087][HYDRA] 		BasicLauncher
[2026-08-02 13:25:33,087][HYDRA] 	Sweeper:
[2026-08-02 13:25:33,087][HYDRA] 	--------
[2026-08-02 13:25:33,087][HYDRA] 		BasicSweeper
[2026-08-02 13:25:33,087][HYDRA] 
[2026-08-02 13:25:33,087][HYDRA] Config search path
[2026-08-02 13:25:33,087][HYDRA] ******************
[2026-08-02 13:25:33,156][HYDRA] | Provider | Search path                                                                                    |
[2026-08-02 13:25:33,156][HYDRA] -------------------------------------------------------------------------------------------------------------
[2026-08-02 13:25:33,156][HYDRA] | hydra    | pkg://hydra.conf                                                                               |
[2026-08-02 13:25:33,156][HYDRA] | main     | file:///home/chenkejun/beauty/conceptgraphs/code/concept-graphs-ali/conceptgraph/hydra_configs |
[2026-08-02 13:25:33,156][HYDRA] | schema   | structured://                                                                                  |
[2026-08-02 13:25:33,156][HYDRA] -------------------------------------------------------------------------------------------------------------
[2026-08-02 13:25:33,195][HYDRA] 
[2026-08-02 13:25:33,195][HYDRA] Defaults Tree
[2026-08-02 13:25:33,195][HYDRA] *************
[2026-08-02 13:25:33,195][HYDRA] <root>:
[2026-08-02 13:25:33,195][HYDRA]   hydra/config:
[2026-08-02 13:25:33,195][HYDRA]     hydra/output: default
[2026-08-02 13:25:33,195][HYDRA]     hydra/launcher: basic
[2026-08-02 13:25:33,195][HYDRA]     hydra/sweeper: basic
[2026-08-02 13:25:33,195][HYDRA]     hydra/help: default
[2026-08-02 13:25:33,195][HYDRA]     hydra/hydra_help: default
[2026-08-02 13:25:33,195][HYDRA]     hydra/hydra_logging: default
[2026-08-02 13:25:33,195][HYDRA]     hydra/job_logging: custom_logging_format
[2026-08-02 13:25:33,195][HYDRA]     hydra/callbacks: null
[2026-08-02 13:25:33,195][HYDRA]     hydra/env: default
[2026-08-02 13:25:33,195][HYDRA]     _self_
[2026-08-02 13:25:33,195][HYDRA]   rerun_realtime_mapping:
[2026-08-02 13:25:33,195][HYDRA]     base
[2026-08-02 13:25:33,195][HYDRA]     base_mapping:
[2026-08-02 13:25:33,195][HYDRA]       base_paths
[2026-08-02 13:25:33,195][HYDRA]       _self_
[2026-08-02 13:25:33,195][HYDRA]     replica:
[2026-08-02 13:25:33,195][HYDRA]       base_paths
[2026-08-02 13:25:33,195][HYDRA]       _self_
[2026-08-02 13:25:33,195][HYDRA]     sam
[2026-08-02 13:25:33,195][HYDRA]     classes:
[2026-08-02 13:25:33,195][HYDRA]       base_paths
[2026-08-02 13:25:33,195][HYDRA]       _self_
[2026-08-02 13:25:33,195][HYDRA]     logging_level
[2026-08-02 13:25:33,195][HYDRA]     _self_
[2026-08-02 13:25:33,234][HYDRA] 
[2026-08-02 13:25:33,234][HYDRA] Defaults List
[2026-08-02 13:25:33,234][HYDRA] *************
[2026-08-02 13:25:33,234][HYDRA] | Config path                             | Package             | _self_ | Parent                 | 
[2026-08-02 13:25:33,234][HYDRA] ----------------------------------------------------------------------------------------------------
[2026-08-02 13:25:33,235][HYDRA] | hydra/output/default                    | hydra               | False  | hydra/config           |
[2026-08-02 13:25:33,235][HYDRA] | hydra/launcher/basic                    | hydra.launcher      | False  | hydra/config           |
[2026-08-02 13:25:33,235][HYDRA] | hydra/sweeper/basic                     | hydra.sweeper       | False  | hydra/config           |
[2026-08-02 13:25:33,235][HYDRA] | hydra/help/default                      | hydra.help          | False  | hydra/config           |
[2026-08-02 13:25:33,235][HYDRA] | hydra/hydra_help/default                | hydra.hydra_help    | False  | hydra/config           |
[2026-08-02 13:25:33,235][HYDRA] | hydra/hydra_logging/default             | hydra.hydra_logging | False  | hydra/config           |
[2026-08-02 13:25:33,235][HYDRA] | hydra/job_logging/custom_logging_format | hydra.job_logging   | False  | hydra/config           |
[2026-08-02 13:25:33,235][HYDRA] | hydra/env/default                       | hydra.env           | False  | hydra/config           |
[2026-08-02 13:25:33,235][HYDRA] | hydra/config                            | hydra               | True   | <root>                 |
[2026-08-02 13:25:33,235][HYDRA] | base                                    |                     | False  | rerun_realtime_mapping |
[2026-08-02 13:25:33,235][HYDRA] | base_paths                              |                     | False  | base_mapping           |
[2026-08-02 13:25:33,235][HYDRA] | base_mapping                            |                     | True   | rerun_realtime_mapping |
[2026-08-02 13:25:33,235][HYDRA] | base_paths                              |                     | False  | replica                |
[2026-08-02 13:25:33,235][HYDRA] | replica                                 |                     | True   | rerun_realtime_mapping |
[2026-08-02 13:25:33,235][HYDRA] | sam                                     |                     | False  | rerun_realtime_mapping |
[2026-08-02 13:25:33,235][HYDRA] | base_paths                              |                     | False  | classes                |
[2026-08-02 13:25:33,235][HYDRA] | classes                                 |                     | True   | rerun_realtime_mapping |
[2026-08-02 13:25:33,235][HYDRA] | logging_level                           |                     | False  | rerun_realtime_mapping |
[2026-08-02 13:25:33,235][HYDRA] | rerun_realtime_mapping                  |                     | True   | <root>                 |
[2026-08-02 13:25:33,235][HYDRA] ----------------------------------------------------------------------------------------------------
[2026-08-02 13:25:33,300][HYDRA] Config
[2026-08-02 13:25:33,300][HYDRA] ******
[2026-08-02 13:25:33,302][HYDRA] use_wandb: false
use_rerun: false
repo_root: /home/chenkejun/beauty/conceptgraphs/code/concept-graphs-ali
data_root: /home/chenkejun/beauty/conceptgraphs/data
dataset_root: ${data_root}/Replica
dataset_config: ${repo_root}/conceptgraph/dataset/dataconfigs/replica/replica.yaml
scene_id: room0
start: 0
end: 100
stride: 20
image_height: null
image_width: null
make_edges: false
periodically_save_pcd: false
periodically_save_pcd_interval: 10
detections_exp_suffix: smoke_detections_stride20
exit_early_file: ${repo_root}/conceptgraph/hydra_configs/early_exit.json
device: cuda
use_iou: true
spatial_sim_type: overlap
phys_bias: 0.0
match_method: sim_sum
semantic_threshold: 0.5
physical_threshold: 0.5
sim_threshold: 1.2
use_contain_number: false
contain_area_thresh: 0.95
contain_mismatch_penalty: 0.5
mask_area_threshold: 25
mask_conf_threshold: 0.25
max_bbox_area_ratio: 0.5
min_points_threshold: 16
obj_pcd_max_points: 5000
downsample_voxel_size: 0.01
dbscan_remove_noise: true
dbscan_eps: 0.1
dbscan_min_points: 10
obj_min_points: 0
obj_min_detections: 1
merge_overlap_thresh: 0.7
merge_visual_sim_thresh: 0.7
merge_text_sim_thresh: 0.7
denoise_interval: 5
filter_interval: 5
merge_interval: 5
run_denoise_final_frame: true
run_filter_final_frame: true
run_merge_final_frame: true
save_pcd: true
save_json: true
save_suffix: exp_streamlined_mapping_base_suffix
vis_render: false
debug_render: false
class_agnostic: false
save_objects_all_frames: false
save_rerun: true
latest_pcd_filepath: ${repo_root}/latest_pcd_save
render_camera_path: ${repo_root}/conceptgraph/dataset/dataconfigs/replica/replica_room0.json
sam_variant: sam
sam_encoder_version: vit_h
sam_checkpoint_path: /home/kuwajerw/repos/new_segment_anything/Grounded-Segment-Anything/sam_vit_h_4b8939.pth
mobile_sam_path: /home/kuwajerw/repos/new_segment_anything/Grounded-Segment-Anything/mobile_sam.pt
classes_file: ${repo_root}/conceptgraph/scannet200_classes.txt
bg_classes:
- wall
- floor
- ceiling
skip_bg: false
force_detection: true
save_detections: true
exp_suffix: smoke_mapping_stride20
save_video: false

[2026-08-02 13:25:33,324][INFO][m:optional_rerun_wrapper][fn:set_use_rerun][ln:28] - rerun functionality is disabled in the config. Not using rerun for logging.
[2026-08-02 13:25:33,325][DEBUG][m:optional_rerun_wrapper][fn:method][ln:40] - Skipping optional rerun call to 'init' because rerun usage is disabled.
[2026-08-02 13:25:33,325][DEBUG][m:optional_rerun_wrapper][fn:method][ln:40] - Skipping optional rerun call to 'spawn' because rerun usage is disabled.
[2026-08-02 13:25:33,325][INFO][m:optional_wandb_wrapper][fn:set_use_wandb][ln:111] - wandb functionality is disabled in the config. Not using wandb for logging.
[2026-08-02 13:25:33,327][DEBUG][m:optional_wandb_wrapper][fn:method][ln:139] - Skipping optional wandb call to 'init' because wandb usage is disabled.
Setting image height and width to 680 x 1200
Done! Execution time of get_dataset function: 0.06 seconds
Running detections...
Running detections...
Running detections...
Running detections...
Running detections...
Running detections...
Running detections...
Running detections...
Running detections...
Running detections...
Done! Execution time of YOLO function: 0.10 seconds
[2026-08-02 13:25:35,525][INFO][m:factory][fn:create_model][ln:326] - Parsing model identifier. Schema: None, Identifier: ViT-H-14
[2026-08-02 13:25:35,525][INFO][m:factory][fn:create_model][ln:403] - Loaded built-in ViT-H-14 model config.
[2026-08-02 13:25:35,543][DEBUG][m:_trace][fn:trace][ln:47] - connect_tcp.started host='127.0.0.1' port=7890 local_address=None timeout=3 socket_options=None
[2026-08-02 13:25:35,543][DEBUG][m:_trace][fn:trace][ln:47] - connect_tcp.failed exception=ConnectError(PermissionError(1, 'Operation not permitted'))
[2026-08-02 13:25:35,544][DEBUG][m:_trace][fn:trace][ln:47] - connect_tcp.started host='127.0.0.1' port=7890 local_address=None timeout=10 socket_options=None
[2026-08-02 13:25:35,544][DEBUG][m:_trace][fn:trace][ln:47] - connect_tcp.failed exception=ConnectError(PermissionError(1, 'Operation not permitted'))
[2026-08-02 13:25:35,544][DEBUG][m:_trace][fn:trace][ln:47] - connect_tcp.started host='127.0.0.1' port=7890 local_address=None timeout=60 socket_options=None
[2026-08-02 13:25:35,544][DEBUG][m:_trace][fn:trace][ln:47] - connect_tcp.failed exception=ConnectError(PermissionError(1, 'Operation not permitted'))
'[Errno 1] Operation not permitted' thrown while requesting HEAD https://huggingface.co/laion/CLIP-ViT-H-14-laion2B-s32B-b79K/resolve/main/open_clip_model.safetensors
[2026-08-02 13:25:35,544][WARNING][m:_http][fn:_http_backoff_base][ln:510] - '[Errno 1] Operation not permitted' thrown while requesting HEAD https://huggingface.co/laion/CLIP-ViT-H-14-laion2B-s32B-b79K/resolve/main/open_clip_model.safetensors
Retrying in 1s [Retry 1/5].
[2026-08-02 13:25:35,544][WARNING][m:_http][fn:_http_backoff_base][ln:523] - Retrying in 1s [Retry 1/5].
[2026-08-02 13:25:36,564][DEBUG][m:_trace][fn:trace][ln:47] - connect_tcp.started host='127.0.0.1' port=7890 local_address=None timeout=10 socket_options=None
[2026-08-02 13:25:36,565][DEBUG][m:_trace][fn:trace][ln:47] - connect_tcp.failed exception=ConnectError(PermissionError(1, 'Operation not permitted'))
[2026-08-02 13:25:36,565][DEBUG][m:_trace][fn:trace][ln:47] - connect_tcp.started host='127.0.0.1' port=7890 local_address=None timeout=60 socket_options=None
[2026-08-02 13:25:36,565][DEBUG][m:_trace][fn:trace][ln:47] - connect_tcp.failed exception=ConnectError(PermissionError(1, 'Operation not permitted'))
'[Errno 1] Operation not permitted' thrown while requesting HEAD https://huggingface.co/laion/CLIP-ViT-H-14-laion2B-s32B-b79K/resolve/main/open_clip_pytorch_model.bin
[2026-08-02 13:25:36,565][WARNING][m:_http][fn:_http_backoff_base][ln:510] - '[Errno 1] Operation not permitted' thrown while requesting HEAD https://huggingface.co/laion/CLIP-ViT-H-14-laion2B-s32B-b79K/resolve/main/open_clip_pytorch_model.bin
Retrying in 1s [Retry 1/5].
[2026-08-02 13:25:36,565][WARNING][m:_http][fn:_http_backoff_base][ln:523] - Retrying in 1s [Retry 1/5].
[2026-08-02 13:25:37,567][ERROR][m:factory][fn:create_model][ln:416] - Failed to download weights for tag 'laion2b_s32b_b79k': Failed to download file (open_clip_pytorch_model.bin) for laion/CLIP-ViT-H-14-laion2B-s32B-b79K. Last error: Cannot send a request, as the client has been closed.
Error executing job with overrides: ['end=100', 'stride=20', 'make_edges=false', 'use_rerun=false', 'save_rerun=true', 'force_detection=true', 'detections_exp_suffix=smoke_detections_stride20', 'exp_suffix=smoke_mapping_stride20']
Traceback (most recent call last):
  File "/home/chenkejun/beauty/conceptgraphs/envs/cg-ali/lib/python3.10/site-packages/open_clip/pretrained.py", line 883, in download_pretrained_from_hf
    cached_file = hf_hub_download(
  File "/home/chenkejun/beauty/conceptgraphs/envs/cg-ali/lib/python3.10/site-packages/huggingface_hub/utils/_validators.py", line 88, in _inner_fn
    return fn(*args, **kwargs)
  File "/home/chenkejun/beauty/conceptgraphs/envs/cg-ali/lib/python3.10/site-packages/huggingface_hub/file_download.py", line 1019, in hf_hub_download
    return _hf_hub_download_to_cache_dir(
  File "/home/chenkejun/beauty/conceptgraphs/envs/cg-ali/lib/python3.10/site-packages/huggingface_hub/file_download.py", line 1148, in _hf_hub_download_to_cache_dir
    _get_metadata_or_catch_error(
  File "/home/chenkejun/beauty/conceptgraphs/envs/cg-ali/lib/python3.10/site-packages/huggingface_hub/file_download.py", line 1713, in _get_metadata_or_catch_error
    metadata = get_hf_file_metadata(
  File "/home/chenkejun/beauty/conceptgraphs/envs/cg-ali/lib/python3.10/site-packages/huggingface_hub/utils/_validators.py", line 88, in _inner_fn
    return fn(*args, **kwargs)
  File "/home/chenkejun/beauty/conceptgraphs/envs/cg-ali/lib/python3.10/site-packages/huggingface_hub/file_download.py", line 1621, in get_hf_file_metadata
    response = _httpx_follow_relative_redirects_with_backoff(
  File "/home/chenkejun/beauty/conceptgraphs/envs/cg-ali/lib/python3.10/site-packages/huggingface_hub/utils/_http.py", line 719, in _httpx_follow_relative_redirects_with_backoff
    response = http_backoff(
  File "/home/chenkejun/beauty/conceptgraphs/envs/cg-ali/lib/python3.10/site-packages/huggingface_hub/utils/_http.py", line 596, in http_backoff
    return next(
  File "/home/chenkejun/beauty/conceptgraphs/envs/cg-ali/lib/python3.10/site-packages/huggingface_hub/utils/_http.py", line 504, in _http_backoff_base
    response = client.request(method=method, url=url, **kwargs)
  File "/home/chenkejun/beauty/conceptgraphs/envs/cg-ali/lib/python3.10/site-packages/httpx/_client.py", line 825, in request
    return self.send(request, auth=auth, follow_redirects=follow_redirects)
  File "/home/chenkejun/beauty/conceptgraphs/envs/cg-ali/lib/python3.10/site-packages/httpx/_client.py", line 901, in send
    raise RuntimeError("Cannot send a request, as the client has been closed.")
RuntimeError: Cannot send a request, as the client has been closed.

During handling of the above exception, another exception occurred:

Traceback (most recent call last):
  File "/home/chenkejun/beauty/conceptgraphs/envs/cg-ali/lib/python3.10/site-packages/open_clip/factory.py", line 412, in create_model
    checkpoint_path = download_pretrained(pretrained_cfg_for_tag, cache_dir=cache_dir)
  File "/home/chenkejun/beauty/conceptgraphs/envs/cg-ali/lib/python3.10/site-packages/open_clip/pretrained.py", line 924, in download_pretrained
    target = download_pretrained_from_hf(model_id, cache_dir=cache_dir)
  File "/home/chenkejun/beauty/conceptgraphs/envs/cg-ali/lib/python3.10/site-packages/open_clip/pretrained.py", line 891, in download_pretrained_from_hf
    raise FileNotFoundError(f"Failed to download file ({filename}) for {model_id}. Last error: {e}")
FileNotFoundError: Failed to download file (open_clip_pytorch_model.bin) for laion/CLIP-ViT-H-14-laion2B-s32B-b79K. Last error: Cannot send a request, as the client has been closed.

During handling of the above exception, another exception occurred:

Traceback (most recent call last):
  File "/home/chenkejun/beauty/conceptgraphs/code/concept-graphs-ali/conceptgraph/slam/rerun_realtime_mapping.py", line 638, in <module>
    main()
  File "/home/chenkejun/beauty/conceptgraphs/envs/cg-ali/lib/python3.10/site-packages/hydra/main.py", line 94, in decorated_main
    _run_hydra(
  File "/home/chenkejun/beauty/conceptgraphs/envs/cg-ali/lib/python3.10/site-packages/hydra/_internal/utils.py", line 394, in _run_hydra
    _run_app(
  File "/home/chenkejun/beauty/conceptgraphs/envs/cg-ali/lib/python3.10/site-packages/hydra/_internal/utils.py", line 457, in _run_app
    run_and_report(
  File "/home/chenkejun/beauty/conceptgraphs/envs/cg-ali/lib/python3.10/site-packages/hydra/_internal/utils.py", line 223, in run_and_report
    raise ex
  File "/home/chenkejun/beauty/conceptgraphs/envs/cg-ali/lib/python3.10/site-packages/hydra/_internal/utils.py", line 220, in run_and_report
    return func()
  File "/home/chenkejun/beauty/conceptgraphs/envs/cg-ali/lib/python3.10/site-packages/hydra/_internal/utils.py", line 458, in <lambda>
    lambda: hydra.run(
  File "/home/chenkejun/beauty/conceptgraphs/envs/cg-ali/lib/python3.10/site-packages/hydra/_internal/hydra.py", line 132, in run
    _ = ret.return_value
  File "/home/chenkejun/beauty/conceptgraphs/envs/cg-ali/lib/python3.10/site-packages/hydra/core/utils.py", line 260, in return_value
    raise self._return_value
  File "/home/chenkejun/beauty/conceptgraphs/envs/cg-ali/lib/python3.10/site-packages/hydra/core/utils.py", line 186, in run_job
    ret.return_value = task_function(task_cfg)
  File "/home/chenkejun/beauty/conceptgraphs/code/concept-graphs-ali/conceptgraph/slam/rerun_realtime_mapping.py", line 179, in main
    clip_model, _, clip_preprocess = open_clip.create_model_and_transforms(
  File "/home/chenkejun/beauty/conceptgraphs/envs/cg-ali/lib/python3.10/site-packages/open_clip/factory.py", line 930, in create_model_and_transforms
    model = create_model(
  File "/home/chenkejun/beauty/conceptgraphs/envs/cg-ali/lib/python3.10/site-packages/open_clip/factory.py", line 417, in create_model
    raise RuntimeError(f"Failed to download weights for tag '{pretrained}': {e}")
RuntimeError: Failed to download weights for tag 'laion2b_s32b_b79k': Failed to download file (open_clip_pytorch_model.bin) for laion/CLIP-ViT-H-14-laion2B-s32B-b79K. Last error: Cannot send a request, as the client has been closed.
